
Memory Configuration

Name             Origin             Length             Attributes
ROM              0xfff00000         0x00004000         xr
RAM              0x00000000         0x00008000         rw
*default*        0x00000000         0xffffffff

Linker script and memory map

LOAD build/storm_boot_startup_code.o
LOAD main.o
LOAD /usr/local/arm/gcc-arm-none-eabi-4_8-2013q4/bin/../lib/gcc/arm-none-eabi/4.8.3/../../../../arm-none-eabi/lib/libc.a
LOAD /usr/local/arm/gcc-arm-none-eabi-4_8-2013q4/bin/../lib/gcc/arm-none-eabi/4.8.3/../../../../arm-none-eabi/lib/libm.a
LOAD /usr/local/arm/gcc-arm-none-eabi-4_8-2013q4/bin/../lib/gcc/arm-none-eabi/4.8.3/../../../../arm-none-eabi/lib/libc.a
LOAD /usr/local/arm/gcc-arm-none-eabi-4_8-2013q4/bin/../lib/gcc/arm-none-eabi/4.8.3/libgcc.a
START GROUP
LOAD /usr/local/arm/gcc-arm-none-eabi-4_8-2013q4/bin/../lib/gcc/arm-none-eabi/4.8.3/libgcc.a
LOAD /usr/local/arm/gcc-arm-none-eabi-4_8-2013q4/bin/../lib/gcc/arm-none-eabi/4.8.3/../../../../arm-none-eabi/lib/libg.a
LOAD /usr/local/arm/gcc-arm-none-eabi-4_8-2013q4/bin/../lib/gcc/arm-none-eabi/4.8.3/../../../../arm-none-eabi/lib/libc.a
END GROUP
                0x00008000                STACK_SIZE = 0x8000

.text           0xfff00000     0x1490
 *storm_startup_code.o(.text)
 *(.text)
 .text          0xfff00000       0x64 build/storm_boot_startup_code.o
                0xfff00000                _boot
                0xfff00020                _mainCRTStartup
                0xfff00020                _start
                0xfff00020                start
                0xfff00058                reset
                0xfff00058                abort
                0xfff00058                _reset
                0xfff00058                exit
 .text          0xfff00064      0x798 main.o
                0xfff00064                io_read_gpio0_pin
                0xfff00078                io_read_gpio0_port
                0xfff00084                io_set_gpio0_pin
                0xfff0009c                io_clr_gpio0_pin
                0xfff000b4                io_toggle_gpio0_pin
                0xfff000cc                io_set_gpio0_port
                0xfff000d8                io_set_pwm
                0xfff00140                io_get_pwm
                0xfff00184                io_uart0_read_byte
                0xfff0019c                io_uart0_send_byte
                0xfff001bc                io_spi0_config
                0xfff001d4                io_spi0_speed
                0xfff001e0                io_spi0_trans
                0xfff00220                io_spi0_enable
                0xfff00238                io_spi0_disable
                0xfff00250                io_i2c0_speed
                0xfff0027c                io_i2c0_byte_transfer
                0xfff003bc                get_syscpreg
                0xfff00490                set_syscpreg
                0xfff004e0                io_enable_xint
                0xfff004f0                io_disable_xint
                0xfff00500                uart0_printf
                0xfff0053c                uart0_scanf
                0xfff005a4                uart0_print_buffer
                0xfff005d8                long_to_hex_string
                0xfff00648                get_adc
                0xfff006ec                delay
                0xfff00714                string_cmpc
                0xfff0075c                hex_string_to_long
                0xfff007d8                qbytes_to_long
 *(.rodata)
 *(.rodata*)
 .rodata.str1.4
                0xfff007fc      0xc94 main.o
                                0xca0 (size before relaxing)
 *(.glue_7)
 .glue_7        0x00000000        0x0 linker stubs
 *(.glue_7t)
 .glue_7t       0x00000000        0x0 linker stubs

.vfp11_veneer   0xfff01490        0x0
 .vfp11_veneer  0x00000000        0x0 linker stubs

.v4_bx          0xfff01490        0x0
 .v4_bx         0x00000000        0x0 linker stubs

.iplt           0xfff01490        0x0
 .iplt          0x00000000        0x0 build/storm_boot_startup_code.o

.text.startup   0xfff01490     0x1424
 .text.startup  0xfff01490     0x1424 main.o
                0xfff01490                main

.rel.dyn        0xfff028b4        0x0
 .rel.iplt      0x00000000        0x0 build/storm_boot_startup_code.o
                0xfff028b4                . = ALIGN (0x4)

.ctors          0xfff028b4        0x0
                0xfff028b4                PROVIDE (__ctors_start__, .)
 *(SORT(.ctors.*))
 *(.ctors)
                0xfff028b4                PROVIDE (__ctors_end__, .)

.dtors          0xfff028b4        0x0
                0xfff028b4                PROVIDE (__dtors_start__, .)
 *(SORT(.dtors.*))
 *(.dtors)
                0xfff028b4                PROVIDE (__dtors_end__, .)
                0xfff028b4                . = ALIGN (0x4)
                0xfff028b4                _etext = .
                0xfff028b4                PROVIDE (etext, .)

.data           0x00000000        0x0 load address 0xfff028b4
                0x00000000                _data = .
 *(.data)
 .data          0x00000000        0x0 build/storm_boot_startup_code.o
 .data          0x00000000        0x0 main.o

.igot.plt       0x00000000        0x0 load address 0xfff028b4
 .igot.plt      0x00000000        0x0 build/storm_boot_startup_code.o
                0x00000000                . = ALIGN (0x4)
                0x00000000                _edata = .
                0x00000000                PROVIDE (edata, .)

.bss            0x00000000        0x0 load address 0xfff028b4
                0x00000000                __bss_start = .
                0x00000000                __bss_start__ = .
 *(.bss)
 .bss           0x00000000        0x0 build/storm_boot_startup_code.o
 .bss           0x00000000        0x0 main.o
 *(COMMON)
                0x00000000                . = ALIGN (0x4)
                0x00000000                . = ALIGN (0x4)
                0x00000000                __bss_end__ = .
                0x00000000                PROVIDE (__bss_end, .)

.stack          0x00000000     0x8000 load address 0xfff028b4
                0x00000000                . = ALIGN (0x100)
                0x00008000                . = (. + STACK_SIZE)
 *fill*         0x00000000     0x8000 
                0x00008000                PROVIDE (_stack, .)
                0x00008000                _end = .
                0x00008000                PROVIDE (end, .)

.stab
 *(.stab)

.stabstr
 *(.stabstr)

.stab.excl
 *(.stab.excl)

.stab.exclstr
 *(.stab.exclstr)

.stab.index
 *(.stab.index)

.stab.indexstr
 *(.stab.indexstr)

.comment        0x00000000       0x70
 *(.comment)
 .comment       0x00000000       0x70 main.o
                                 0x71 (size before relaxing)

.ARM.attributes
                0x00000000       0x2c
 .ARM.attributes
                0x00000000       0x20 build/storm_boot_startup_code.o
 .ARM.attributes
                0x00000020       0x30 main.o

.debug
 *(.debug)

.line
 *(.line)

.debug_srcinfo
 *(.debug_srcinfo)

.debug_sfnames
 *(.debug_sfnames)

.debug_aranges  0x00000000       0x48
 *(.debug_aranges)
 .debug_aranges
                0x00000000       0x20 build/storm_boot_startup_code.o
 .debug_aranges
                0x00000020       0x28 main.o

.debug_pubnames
 *(.debug_pubnames)

.debug_info     0x00000000     0x2635
 *(.debug_info .gnu.linkonce.wi.*)
 .debug_info    0x00000000       0x75 build/storm_boot_startup_code.o
 .debug_info    0x00000075     0x25c0 main.o

.debug_abbrev   0x00000000      0x340
 *(.debug_abbrev)
 .debug_abbrev  0x00000000       0x14 build/storm_boot_startup_code.o
 .debug_abbrev  0x00000014      0x32c main.o

.debug_line     0x00000000      0xb4c
 *(.debug_line)
 .debug_line    0x00000000       0x6f build/storm_boot_startup_code.o
 .debug_line    0x0000006f      0xadd main.o

.debug_frame    0x00000000      0x248
 *(.debug_frame)
 .debug_frame   0x00000000      0x248 main.o

.debug_str      0x00000000      0x3d9
 *(.debug_str)
 .debug_str     0x00000000      0x3d9 main.o
                                0x414 (size before relaxing)

.debug_loc      0x00000000     0x2ad3
 *(.debug_loc)
 .debug_loc     0x00000000     0x2ad3 main.o

.debug_macinfo
 *(.debug_macinfo)

.debug_weaknames
 *(.debug_weaknames)

.debug_funcnames
 *(.debug_funcnames)

.debug_typenames
 *(.debug_typenames)

.debug_varnames
 *(.debug_varnames)
OUTPUT(main.elf elf32-bigarm)

.debug_ranges   0x00000000      0x5d0
 .debug_ranges  0x00000000      0x5d0 main.o

Cross Reference Table

Symbol                                            File
__bss_end__                                       build/storm_boot_startup_code.o
__bss_start                                       build/storm_boot_startup_code.o
_boot                                             build/storm_boot_startup_code.o
_data                                             build/storm_boot_startup_code.o
_edata                                            build/storm_boot_startup_code.o
_etext                                            build/storm_boot_startup_code.o
_mainCRTStartup                                   build/storm_boot_startup_code.o
_reset                                            build/storm_boot_startup_code.o
_stack                                            build/storm_boot_startup_code.o
_start                                            build/storm_boot_startup_code.o
abort                                             build/storm_boot_startup_code.o
delay                                             main.o
exit                                              build/storm_boot_startup_code.o
get_adc                                           main.o
get_syscpreg                                      main.o
hex_string_to_long                                main.o
io_clr_gpio0_pin                                  main.o
io_disable_xint                                   main.o
io_enable_xint                                    main.o
io_get_pwm                                        main.o
io_i2c0_byte_transfer                             main.o
io_i2c0_speed                                     main.o
io_read_gpio0_pin                                 main.o
io_read_gpio0_port                                main.o
io_set_gpio0_pin                                  main.o
io_set_gpio0_port                                 main.o
io_set_pwm                                        main.o
io_spi0_config                                    main.o
io_spi0_disable                                   main.o
io_spi0_enable                                    main.o
io_spi0_speed                                     main.o
io_spi0_trans                                     main.o
io_toggle_gpio0_pin                               main.o
io_uart0_read_byte                                main.o
io_uart0_send_byte                                main.o
long_to_hex_string                                main.o
main                                              main.o
                                                  build/storm_boot_startup_code.o
qbytes_to_long                                    main.o
reset                                             build/storm_boot_startup_code.o
set_syscpreg                                      main.o
start                                             build/storm_boot_startup_code.o
string_cmpc                                       main.o
uart0_print_buffer                                main.o
uart0_printf                                      main.o
uart0_scanf                                       main.o
