
Memory Configuration

Name             Origin             Length             Attributes
ROM              0xfff00000         0x00000800         xr
RAM              0x00000000         0x00008000         xrw
*default*        0x00000000         0xffffffff

Linker script and memory map

LOAD build/storm_startup_code.o
LOAD main.o
LOAD /usr/local/arm/gcc-arm-none-eabi-4_8-2014q3/bin/../lib/gcc/arm-none-eabi/4.8.4/../../../../arm-none-eabi/lib/libc.a
LOAD /usr/local/arm/gcc-arm-none-eabi-4_8-2014q3/bin/../lib/gcc/arm-none-eabi/4.8.4/../../../../arm-none-eabi/lib/libm.a
LOAD /usr/local/arm/gcc-arm-none-eabi-4_8-2014q3/bin/../lib/gcc/arm-none-eabi/4.8.4/../../../../arm-none-eabi/lib/libc.a
LOAD /usr/local/arm/gcc-arm-none-eabi-4_8-2014q3/bin/../lib/gcc/arm-none-eabi/4.8.4/libgcc.a
START GROUP
LOAD /usr/local/arm/gcc-arm-none-eabi-4_8-2014q3/bin/../lib/gcc/arm-none-eabi/4.8.4/libgcc.a
LOAD /usr/local/arm/gcc-arm-none-eabi-4_8-2014q3/bin/../lib/gcc/arm-none-eabi/4.8.4/../../../../arm-none-eabi/lib/libg.a
LOAD /usr/local/arm/gcc-arm-none-eabi-4_8-2014q3/bin/../lib/gcc/arm-none-eabi/4.8.4/../../../../arm-none-eabi/lib/libc.a
END GROUP
                0x00004000                STACK_SIZE = 0x4000

.text           0x00000000      0xa9c
 *storm_startup_code.o(.text)
 .text          0x00000000      0x290 build/storm_startup_code.o
                0x00000000                _boot
                0x00000050                _mainCRTStartup
                0x00000050                _start
                0x00000050                start
                0x00000100                reset
                0x00000100                abort
                0x00000100                _reset
                0x00000100                exit
 *(.text)
 .text          0x00000290      0x790 main.o
                0x00000290                timer0_isr
                0x00000328                io_read_gpio0_pin
                0x0000033c                io_read_gpio0_port
                0x00000348                io_set_gpio0_pin
                0x00000360                io_clr_gpio0_pin
                0x00000378                io_toggle_gpio0_pin
                0x00000390                io_set_gpio0_port
                0x0000039c                io_set_pwm
                0x00000404                io_get_pwm
                0x00000448                io_uart0_read_byte
                0x00000460                io_uart0_send_byte
                0x00000480                io_spi0_config
                0x00000498                io_spi0_speed
                0x000004a4                io_spi0_trans
                0x000004e4                io_spi0_enable
                0x000004fc                io_spi0_disable
                0x00000514                io_i2c0_speed
                0x00000540                io_i2c0_byte_transfer
                0x00000680                get_syscpreg
                0x00000754                set_syscpreg
                0x000007a4                io_enable_xint
                0x000007b4                io_disable_xint
                0x000007c4                long_to_hex_string
                0x00000834                get_adc
                0x000008d8                delay
                0x00000900                string_cmpc
                0x00000948                uart0_printf
                0x00000984                uart0_scanf
                0x000009ec                uart0_print_buffer
 *(.rodata)
 *(.rodata*)
 .rodata.str1.4
                0x00000a20       0x7c main.o
                                 0x80 (size before relaxing)
 *(.glue_7)
 .glue_7        0x00000000        0x0 linker stubs
 *(.glue_7t)
 .glue_7t       0x00000000        0x0 linker stubs

.vfp11_veneer   0x00000a9c        0x0
 .vfp11_veneer  0x00000000        0x0 linker stubs

.v4_bx          0x00000a9c        0x0
 .v4_bx         0x00000000        0x0 linker stubs

.iplt           0x00000a9c        0x0
 .iplt          0x00000000        0x0 build/storm_startup_code.o

.text.startup   0x00000a9c      0x83c
 .text.startup  0x00000a9c      0x83c main.o
                0x00000a9c                main

.rel.dyn        0x000012d8        0x0
 .rel.iplt      0x00000000        0x0 build/storm_startup_code.o
                0x000012d8                . = ALIGN (0x4)
                0x000012d8                _etext = .
                0x000012d8                PROVIDE (etext, .)

.data           0x000012d8        0x0
                0x000012d8                _data = .
 *(.data)
 .data          0x000012d8        0x0 build/storm_startup_code.o
 .data          0x000012d8        0x0 main.o

.igot.plt       0x000012d8        0x0
 .igot.plt      0x00000000        0x0 build/storm_startup_code.o
                0x000012d8                . = ALIGN (0x4)
                0x000012d8                _edata = .
                0x000012d8                PROVIDE (edata, .)

.bss            0x000012d8        0xc
                0x000012d8                __bss_start = .
                0x000012d8                __bss_start__ = .
 *(.bss)
 .bss           0x000012d8        0x0 build/storm_startup_code.o
 .bss           0x000012d8        0xc main.o
 *(COMMON)
                0x000012e4                . = ALIGN (0x4)
                0x000012e4                . = ALIGN (0x4)
                0x000012e4                __bss_end__ = .
                0x000012e4                PROVIDE (__bss_end, .)

.stack          0x00001300     0x4000
                0x00005300                . = (. + STACK_SIZE)
 *fill*         0x00001300     0x4000 
                0x00005300                PROVIDE (_stack, .)
                0x00005300                _end = .
                0x00005300                PROVIDE (end, .)

.stab
 *(.stab)

.stabstr
 *(.stabstr)

.stab.excl
 *(.stab.excl)

.stab.exclstr
 *(.stab.exclstr)

.stab.index
 *(.stab.index)

.stab.indexstr
 *(.stab.indexstr)

.comment        0x00000000       0x70
 *(.comment)
 .comment       0x00000000       0x70 main.o
                                 0x71 (size before relaxing)

.ARM.attributes
                0x00000000       0x2c
 .ARM.attributes
                0x00000000       0x20 build/storm_startup_code.o
 .ARM.attributes
                0x00000020       0x30 main.o

.debug
 *(.debug)

.line
 *(.line)

.debug_srcinfo
 *(.debug_srcinfo)

.debug_sfnames
 *(.debug_sfnames)

.debug_aranges  0x00000000       0x48
 *(.debug_aranges)
 .debug_aranges
                0x00000000       0x20 build/storm_startup_code.o
 .debug_aranges
                0x00000020       0x28 main.o

.debug_pubnames
 *(.debug_pubnames)

.debug_info     0x00000000     0x1779
 *(.debug_info .gnu.linkonce.wi.*)
 .debug_info    0x00000000       0x72 build/storm_startup_code.o
 .debug_info    0x00000072     0x1707 main.o

.debug_abbrev   0x00000000      0x34a
 *(.debug_abbrev)
 .debug_abbrev  0x00000000       0x14 build/storm_startup_code.o
 .debug_abbrev  0x00000014      0x336 main.o

.debug_line     0x00000000      0x7c1
 *(.debug_line)
 .debug_line    0x00000000       0xf8 build/storm_startup_code.o
 .debug_line    0x000000f8      0x6c9 main.o

.debug_frame    0x00000000      0x248
 *(.debug_frame)
 .debug_frame   0x00000000      0x248 main.o

.debug_str      0x00000000      0x366
 *(.debug_str)
 .debug_str     0x00000000      0x366 main.o
                                0x3a1 (size before relaxing)

.debug_loc      0x00000000     0x19cc
 *(.debug_loc)
 .debug_loc     0x00000000     0x19cc main.o

.debug_macinfo
 *(.debug_macinfo)

.debug_weaknames
 *(.debug_weaknames)

.debug_funcnames
 *(.debug_funcnames)

.debug_typenames
 *(.debug_typenames)

.debug_varnames
 *(.debug_varnames)
OUTPUT(main.elf elf32-bigarm)

.debug_ranges   0x00000000      0x300
 .debug_ranges  0x00000000      0x300 main.o

Cross Reference Table

Symbol                                            File
__bss_end__                                       build/storm_startup_code.o
__bss_start                                       build/storm_startup_code.o
_boot                                             build/storm_startup_code.o
_data                                             build/storm_startup_code.o
_edata                                            build/storm_startup_code.o
_etext                                            build/storm_startup_code.o
_mainCRTStartup                                   build/storm_startup_code.o
_reset                                            build/storm_startup_code.o
_stack                                            build/storm_startup_code.o
_start                                            build/storm_startup_code.o
abort                                             build/storm_startup_code.o
delay                                             main.o
exit                                              build/storm_startup_code.o
get_adc                                           main.o
get_syscpreg                                      main.o
io_clr_gpio0_pin                                  main.o
io_disable_xint                                   main.o
io_enable_xint                                    main.o
io_get_pwm                                        main.o
io_i2c0_byte_transfer                             main.o
io_i2c0_speed                                     main.o
io_read_gpio0_pin                                 main.o
io_read_gpio0_port                                main.o
io_set_gpio0_pin                                  main.o
io_set_gpio0_port                                 main.o
io_set_pwm                                        main.o
io_spi0_config                                    main.o
io_spi0_disable                                   main.o
io_spi0_enable                                    main.o
io_spi0_speed                                     main.o
io_spi0_trans                                     main.o
io_toggle_gpio0_pin                               main.o
io_uart0_read_byte                                main.o
io_uart0_send_byte                                main.o
long_to_hex_string                                main.o
main                                              main.o
                                                  build/storm_startup_code.o
reset                                             build/storm_startup_code.o
set_syscpreg                                      main.o
start                                             build/storm_startup_code.o
string_cmpc                                       main.o
timer0_isr                                        main.o
uart0_print_buffer                                main.o
uart0_printf                                      main.o
uart0_scanf                                       main.o
